// Jest Snapshot v1, https://goo.gl/fbAQLP

exports[`Test <RemoveComponent/> should render with base structure 1`] = `
<div>
  <button
    aria-label="Tag at index 0 with value Tags focussed. Press backspace to remove"
    data-testid="remove"
    type="button"
  >
    Ã—
  </button>
</div>
`;
